// Jest Snapshot v1, https://goo.gl/fbAQLP

exports[`snapshot settingsscreen 1`] = `null`;
