// Jest Snapshot v1, https://goo.gl/fbAQLP

exports[`snapshot linksscreen 1`] = `
<Text
  accessible={true}
  allowFontScaling={true}
  ellipsizeMode="tail"
  style={
    Object {
      "color": "rgba(96,100,109, 1)",
      "fontSize": 17,
      "lineHeight": 24,
      "textAlign": "center",
    }
  }
>
  hallo
</Text>
`;
